exports[`test Shows a very simple example of snapshot 1`] = `
<div>
  <div>
    <label>
      Filter:
    </label>
    <input
      onChange={[Function]}
      placeholder="Start typing..."
      type="text"
      value="" />
  </div>
  <div>
    <div>
      Lorem
    </div>
    <div>
      ipsum
    </div>
    <div>
      dolor
    </div>
    <div>
      sit
    </div>
    <div>
      amet,
    </div>
    <div>
      consectetur
    </div>
    <div>
      adipiscing
    </div>
    <div>
      elit,
    </div>
    <div>
      sed
    </div>
    <div>
      do
    </div>
    <div>
      eiusmod
    </div>
    <div>
      tempor
    </div>
    <div>
      incididunt
    </div>
    <div>
      ut
    </div>
    <div>
      labore
    </div>
    <div>
      et
    </div>
    <div>
      dolore
    </div>
    <div>
      magna
    </div>
    <div>
      aliqua.
    </div>
    <div>
      Ut
    </div>
    <div>
      enim
    </div>
    <div>
      ad
    </div>
    <div>
      minim
    </div>
    <div>
      veniam,
    </div>
    <div>
      quis
    </div>
    <div>
      nostrud
    </div>
    <div>
      exercitation
    </div>
    <div>
      ullamco
    </div>
    <div>
      laboris
    </div>
    <div>
      nisi
    </div>
    <div>
      ut
    </div>
    <div>
      aliquip
    </div>
    <div>
      ex
    </div>
    <div>
      ea
    </div>
    <div>
      commodo
    </div>
    <div>
      consequat.
    </div>
    <div>
      Duis
    </div>
    <div>
      aute
    </div>
    <div>
      irure
    </div>
    <div>
      dolor
    </div>
    <div>
      in
    </div>
    <div>
      reprehenderit
    </div>
    <div>
      in
    </div>
    <div>
      voluptate
    </div>
    <div>
      velit
    </div>
    <div>
      esse
    </div>
    <div>
      cillum
    </div>
    <div>
      dolore
    </div>
    <div>
      eu
    </div>
    <div>
      fugiat
    </div>
    <div>
      nulla
    </div>
    <div>
      pariatur.
    </div>
    <div>
      Excepteur
    </div>
    <div>
      sint
    </div>
    <div>
      occaecat
    </div>
    <div>
      cupidatat
    </div>
    <div>
      non
    </div>
    <div>
      proident,
    </div>
    <div>
      sunt
    </div>
    <div>
      in
    </div>
    <div>
      culpa
    </div>
    <div>
      qui
    </div>
    <div>
      officia
    </div>
    <div>
      deserunt
    </div>
    <div>
      mollit
    </div>
    <div>
      anim
    </div>
    <div>
      id
    </div>
    <div>
      est
    </div>
    <div>
      laborum.
    </div>
  </div>
  <a
    href="#"
    onClick={[Function]}>
    Toggle Page
  </a>
</div>
`;

exports[`test Shows a very simple example of snapshot 2`] = `
<div>
  <div>
    <label>
      Filter:
    </label>
    <input
      onChange={[Function]}
      placeholder="Start typing..."
      type="text"
      value="" />
  </div>
  <div>
    <div>
      Lorem
    </div>
    <div>
      ipsum
    </div>
    <div>
      dolor
    </div>
    <div>
      sit
    </div>
    <div>
      amet,
    </div>
    <div>
      consectetur
    </div>
    <div>
      adipiscing
    </div>
    <div>
      elit,
    </div>
    <div>
      sed
    </div>
    <div>
      do
    </div>
    <div>
      eiusmod
    </div>
    <div>
      tempor
    </div>
    <div>
      incididunt
    </div>
    <div>
      ut
    </div>
    <div>
      labore
    </div>
    <div>
      et
    </div>
    <div>
      dolore
    </div>
    <div>
      magna
    </div>
    <div>
      aliqua.
    </div>
    <div>
      Ut
    </div>
    <div>
      enim
    </div>
    <div>
      ad
    </div>
    <div>
      minim
    </div>
    <div>
      veniam,
    </div>
    <div>
      quis
    </div>
    <div>
      nostrud
    </div>
    <div>
      exercitation
    </div>
    <div>
      ullamco
    </div>
    <div>
      laboris
    </div>
    <div>
      nisi
    </div>
    <div>
      ut
    </div>
    <div>
      aliquip
    </div>
    <div>
      ex
    </div>
    <div>
      ea
    </div>
    <div>
      commodo
    </div>
    <div>
      consequat.
    </div>
    <div>
      Duis
    </div>
    <div>
      aute
    </div>
    <div>
      irure
    </div>
    <div>
      dolor
    </div>
    <div>
      in
    </div>
    <div>
      reprehenderit
    </div>
    <div>
      in
    </div>
    <div>
      voluptate
    </div>
    <div>
      velit
    </div>
    <div>
      esse
    </div>
    <div>
      cillum
    </div>
    <div>
      dolore
    </div>
    <div>
      eu
    </div>
    <div>
      fugiat
    </div>
    <div>
      nulla
    </div>
    <div>
      pariatur.
    </div>
    <div>
      Excepteur
    </div>
    <div>
      sint
    </div>
    <div>
      occaecat
    </div>
    <div>
      cupidatat
    </div>
    <div>
      non
    </div>
    <div>
      proident,
    </div>
    <div>
      sunt
    </div>
    <div>
      in
    </div>
    <div>
      culpa
    </div>
    <div>
      qui
    </div>
    <div>
      officia
    </div>
    <div>
      deserunt
    </div>
    <div>
      mollit
    </div>
    <div>
      anim
    </div>
    <div>
      id
    </div>
    <div>
      est
    </div>
    <div>
      laborum.
    </div>
  </div>
  <a
    href="#"
    onClick={[Function]}>
    Toggle Page
  </a>
</div>
`;
